// Jest Snapshot v1, https://goo.gl/fbAQLP

exports[`Login Component renders correctly 1`] = `
<View
  style={
    {
      "alignItems": "center",
      "backgroundColor": "#ADD8E6",
      "flex": 1,
      "flexDirection": "column",
      "justifyContent": "flex-start",
    }
  }
>
  <Text
    style={
      {
        "color": "#0A3465",
        "fontSize": 32,
        "marginTop": 50,
      }
    }
  >
    WaterSaf
    <Text
      style={
        {
          "fontWeight": "bold",
        }
      }
    >
      AI
    </Text>
  </Text>
  <Image
    source={
      {
        "testUri": "../../../src/assets/logo-img.png",
      }
    }
    style={
      {
        "height": 150,
        "marginBottom": 20,
        "width": 150,
      }
    }
  />
  <View
    style={
      {
        "backgroundColor": "#D8EBF1",
        "borderColor": "#644535",
        "borderRadius": 15,
        "borderWidth": 3,
        "height": 60,
        "justifyContent": "center",
        "margin": 10,
        "padding": 10,
        "width": "80%",
      }
    }
  >
    <TextInput
      fontSize={18}
      onChangeText={[Function]}
      placeholder="Email"
      placeholderTextColor="#644535"
      style={
        {
          "height": 60,
        }
      }
    />
  </View>
  <View
    style={
      {
        "backgroundColor": "#D8EBF1",
        "borderColor": "#644535",
        "borderRadius": 15,
        "borderWidth": 3,
        "height": 60,
        "justifyContent": "center",
        "margin": 10,
        "padding": 10,
        "width": "80%",
      }
    }
  >
    <TextInput
      fontSize={18}
      onChangeText={[Function]}
      placeholder="Password"
      placeholderTextColor="#644535"
      secureTextEntry={true}
      style={
        {
          "height": 60,
        }
      }
    />
  </View>
  <View
    accessibilityState={
      {
        "busy": undefined,
        "checked": undefined,
        "disabled": undefined,
        "expanded": undefined,
        "selected": undefined,
      }
    }
    accessibilityValue={
      {
        "max": undefined,
        "min": undefined,
        "now": undefined,
        "text": undefined,
      }
    }
    accessible={true}
    collapsable={false}
    focusable={true}
    onBlur={[Function]}
    onClick={[Function]}
    onFocus={[Function]}
    onResponderGrant={[Function]}
    onResponderMove={[Function]}
    onResponderRelease={[Function]}
    onResponderTerminate={[Function]}
    onResponderTerminationRequest={[Function]}
    onStartShouldSetResponder={[Function]}
    style={
      {
        "margin": 20,
      }
    }
  >
    <Text
      style={
        {
          "fontSize": 15,
          "fontWeight": "bold",
          "textDecorationLine": "underline",
          "textDecorationStyle": "solid",
        }
      }
    >
      Forgot Password?
    </Text>
  </View>
  <View
    accessibilityState={
      {
        "busy": undefined,
        "checked": undefined,
        "disabled": undefined,
        "expanded": undefined,
        "selected": undefined,
      }
    }
    accessibilityValue={
      {
        "max": undefined,
        "min": undefined,
        "now": undefined,
        "text": undefined,
      }
    }
    accessible={true}
    collapsable={false}
    focusable={true}
    onBlur={[Function]}
    onClick={[Function]}
    onFocus={[Function]}
    onResponderGrant={[Function]}
    onResponderMove={[Function]}
    onResponderRelease={[Function]}
    onResponderTerminate={[Function]}
    onResponderTerminationRequest={[Function]}
    onStartShouldSetResponder={[Function]}
    style={
      [
        {
          "backgroundColor": "#66B3CC",
        },
        {
          "borderRadius": 15,
          "borderWidth": 3,
          "height": 60,
          "justifyContent": "center",
          "padding": 15,
          "width": "80%",
        },
      ]
    }
  >
    <Text
      style={
        {
          "color": "#FFFFFF",
          "fontSize": 22,
          "fontWeight": "bold",
          "textAlign": "center",
        }
      }
    >
      LOG IN
    </Text>
  </View>
  <View
    style={
      {
        "alignItems": "center",
        "flexDirection": "row",
        "justifyContent": "center",
        "margin": 20,
      }
    }
  >
    <Text
      style={
        {
          "fontSize": 15,
          "fontWeight": "bold",
        }
      }
    >
      Don't have an account?
    </Text>
    <View
      accessibilityState={
        {
          "busy": undefined,
          "checked": undefined,
          "disabled": undefined,
          "expanded": undefined,
          "selected": undefined,
        }
      }
      accessibilityValue={
        {
          "max": undefined,
          "min": undefined,
          "now": undefined,
          "text": undefined,
        }
      }
      accessible={true}
      collapsable={false}
      focusable={true}
      onBlur={[Function]}
      onClick={[Function]}
      onFocus={[Function]}
      onResponderGrant={[Function]}
      onResponderMove={[Function]}
      onResponderRelease={[Function]}
      onResponderTerminate={[Function]}
      onResponderTerminationRequest={[Function]}
      onStartShouldSetResponder={[Function]}
      style={
        {
          "marginLeft": 4,
        }
      }
    >
      <Text
        style={
          {
            "fontSize": 15,
            "fontWeight": "bold",
            "textDecorationLine": "underline",
            "textDecorationStyle": "solid",
          }
        }
      >
        Sign Up
      </Text>
    </View>
  </View>
</View>
`;
